[2026-09-28 12:58:51] ============================================================
[2026-09-28 12:58:51] Hermes Profile Backup Starting
[2026-09-28 12:58:57] BACKED UP pm: ['config.yaml', 'SOUL.md', 'skills/', 'cron/', 'platforms/', 'plans/', 'attachments/', 'assets/'] (53718.6 KB)
[2026-09-28 12:59:02] BACKED UP sm: ['config.yaml', 'SOUL.md', 'skills/', 'cron/', 'platforms/', 'plans/', 'assets/'] (52894.1 KB)
[2026-09-28 12:59:06] BACKED UP ba: ['config.yaml', 'SOUL.md', 'skills/', 'cron/', 'platforms/', 'plans/', 'attachments/', 'assets/'] (53896.4 KB)
[2026-09-28 12:59:09] BACKED UP customer-relations: ['config.yaml', 'SOUL.md', 'skills/', 'cron/', 'platforms/', 'assets/'] (2807.0 KB)
[2026-09-28 12:59:13] BACKED UP resource-manager: ['config.yaml', 'SOUL.md', 'skills/', 'cron/', 'platforms/', 'assets/'] (2799.8 KB)
[2026-09-28 12:59:20] BACKED UP workbot: ['config.yaml', 'SOUL.md', 'skills/', 'cron/', 'platforms/', 'plans/', 'assets/'] (60593.7 KB)
[2026-09-28 12:59:22] BACKED UP workbot: ['config.yaml', 'SOUL.md', 'skills/', 'cron/', 'platforms/', 'plans/', 'assets/'] (60593.7 KB)
[2026-09-28 12:59:22] Total: 7 profiles, 287303.2 KB copied
[2026-09-28 12:59:25] Committed: Automated backup: 2026-09-28 12:59
[2026-09-28 12:59:26] git push FAILED: Warning: Identity file C:UsersDanRighter.sshid_ed25519_hermes not accessible: No such file or directory.
git@github.com: Permission denied (publickey).
fatal: Could not read from remote repository.

Please make sure you have the correct access rights
and the repository exists.

[2026-09-28 12:59:26] Backup completed with push issues — check log
[2026-09-28 13:01:02] ============================================================
[2026-09-28 13:01:02] Hermes Profile Backup Starting
[2026-09-28 13:01:03] BACKED UP pm: ['config.yaml', 'SOUL.md', 'skills/', 'cron/', 'platforms/', 'plans/', 'attachments/', 'assets/'] (53718.6 KB)
[2026-09-28 13:01:04] BACKED UP sm: ['config.yaml', 'SOUL.md', 'skills/', 'cron/', 'platforms/', 'plans/', 'assets/'] (52894.1 KB)
[2026-09-28 13:01:05] BACKED UP ba: ['config.yaml', 'SOUL.md', 'skills/', 'cron/', 'platforms/', 'plans/', 'attachments/', 'assets/'] (53896.4 KB)
[2026-09-28 13:01:05] BACKED UP customer-relations: ['config.yaml', 'SOUL.md', 'skills/', 'cron/', 'platforms/', 'assets/'] (2807.0 KB)
[2026-09-28 13:01:06] BACKED UP resource-manager: ['config.yaml', 'SOUL.md', 'skills/', 'cron/', 'platforms/', 'assets/'] (2799.8 KB)
[2026-09-28 13:01:08] BACKED UP workbot: ['config.yaml', 'SOUL.md', 'skills/', 'cron/', 'platforms/', 'plans/', 'assets/'] (60593.7 KB)
[2026-09-28 13:01:10] BACKED UP workbot: ['config.yaml', 'SOUL.md', 'skills/', 'cron/', 'platforms/', 'plans/', 'assets/'] (60593.7 KB)
[2026-09-28 13:01:10] Total: 7 profiles, 287303.2 KB copied
[2026-09-28 13:01:13] Committed: Automated backup: 2026-09-28 13:01
[2026-09-28 13:01:15] PUSHED to origin/master
[2026-09-28 13:01:15] Backup completed successfully
[2026-09-28 13:13:56] ============================================================
[2026-09-28 13:13:56] Hermes Profile Backup Starting
[2026-09-28 13:14:02] BACKED UP pm: ['config.yaml', 'SOUL.md', 'skills/', 'cron/', 'platforms/', 'plans/', 'attachments/', 'assets/'] (53718.6 KB)
[2026-09-28 13:14:05] BACKED UP sm: ['config.yaml', 'SOUL.md', 'skills/', 'cron/', 'platforms/', 'plans/', 'assets/'] (52894.1 KB)
[2026-09-28 13:14:09] BACKED UP ba: ['config.yaml', 'SOUL.md', 'skills/', 'cron/', 'platforms/', 'plans/', 'attachments/', 'assets/'] (53896.4 KB)
[2026-09-28 13:14:12] BACKED UP customer-relations: ['config.yaml', 'SOUL.md', 'skills/', 'cron/', 'platforms/', 'assets/'] (2807.0 KB)
[2026-09-28 13:14:16] BACKED UP resource-manager: ['config.yaml', 'SOUL.md', 'skills/', 'cron/', 'platforms/', 'assets/'] (2799.8 KB)
[2026-09-28 13:14:22] BACKED UP workbot: ['config.yaml', 'SOUL.md', 'skills/', 'cron/', 'platforms/', 'plans/', 'assets/'] (60593.7 KB)
[2026-09-28 13:14:22] Total: 6 profiles, 226709.5 KB copied
